#-----------------------------------------------------------
# Vivado v2025.1 (64-bit)
# SW Build 6140274 on Wed May 21 22:58:25 MDT 2025
# IP Build 6138677 on Thu May 22 03:10:11 MDT 2025
# SharedData Build 6139179 on Tue May 20 17:58:58 MDT 2025
# Start of session at: Sat Oct 18 08:45:39 2025
# Process ID         : 17808
# Current directory  : /media/usb/vivado/MultiCycle/Control/Control.runs/synth_1
# Command line       : vivado -log CONTROL.vds -product Vivado -mode batch -messageDb vivado.pb -notrace -source CONTROL.tcl
# Log file           : /media/usb/vivado/MultiCycle/Control/Control.runs/synth_1/CONTROL.vds
# Journal file       : /media/usb/vivado/MultiCycle/Control/Control.runs/synth_1/vivado.jou
# Running On         : LOA-AsusVivoBook
# Platform           : Ubuntu
# Operating System   : Ubuntu 22.04.5 LTS
# Processor Detail   : AMD Ryzen 5 3500U with Radeon Vega Mobile Gfx
# CPU Frequency      : 1262.530 MHz
# CPU Physical cores : 4
# CPU Logical cores  : 8
# Host memory        : 10369 MB
# Swap memory        : 2147 MB
# Total Virtual      : 12517 MB
# Available Virtual  : 7913 MB
#-----------------------------------------------------------
source CONTROL.tcl -notrace
